%!Adobe-FontList 1.24
%Locale:0x409

%BeginFont
Handler:DirectoryHandler
FontType:Type1
FontName:SFProDisplay-Black
FamilyName:SF Pro Display
StyleName:Black
FullName:SF Pro Display Black
MenuName:SF Pro Display
StyleBits:0
WritingScript:Roman
OutlineFileName:C:\Perkerjaan\Fl\vue-card-game\src\assets\Font\SF-Pro-Display-Black.otf
DataFormat:sfntData
UsesStandardEncoding:yes
isCFF:yes
hasSVG:no
hasCOLR:no
VariableFontType:NonVariableFont
FileLength:319584
FileModTime:1757928235
WeightClass:900
WidthClass:5
AngleClass:0
NameArray:0,Win,1,SF Pro Display
NameArray:0,Win,16,SF Pro Display
%EndFont

%BeginFont
Handler:DirectoryHandler
FontType:Type1
FontName:SFProDisplay-BlackItalic
FamilyName:SF Pro Display
StyleName:Black Italic
FullName:SF Pro Display Black Italic
MenuName:SF Pro Display
StyleBits:0
WritingScript:Roman
OutlineFileName:C:\Perkerjaan\Fl\vue-card-game\src\assets\Font\SF-Pro-Display-BlackItalic.otf
DataFormat:sfntData
UsesStandardEncoding:yes
isCFF:yes
hasSVG:no
hasCOLR:no
VariableFontType:NonVariableFont
FileLength:146416
FileModTime:1757928235
WeightClass:900
WidthClass:5
AngleClass:1
NameArray:0,Win,1,SF Pro Display
NameArray:0,Win,16,SF Pro Display
%EndFont

%BeginFont
Handler:DirectoryHandler
FontType:Type1
FontName:SFProDisplay-Bold
FamilyName:SF Pro Display
StyleName:Bold
FullName:SF Pro Display Bold
MenuName:SF Pro Display
StyleBits:0
WritingScript:Roman
OutlineFileName:C:\Perkerjaan\Fl\vue-card-game\src\assets\Font\SF-Pro-Display-Bold.otf
DataFormat:sfntData
UsesStandardEncoding:yes
isCFF:yes
hasSVG:no
hasCOLR:no
VariableFontType:NonVariableFont
FileLength:334728
FileModTime:1757928235
WeightClass:700
WidthClass:5
AngleClass:0
NameArray:0,Win,1,SF Pro Display
NameArray:0,Win,16,SF Pro Display
%EndFont

%BeginFont
Handler:DirectoryHandler
FontType:Type1
FontName:SFProDisplay-BoldItalic
FamilyName:SF Pro Display
StyleName:Bold Italic
FullName:SF Pro Display Bold Italic
MenuName:SF Pro Display
StyleBits:0
WritingScript:Roman
OutlineFileName:C:\Perkerjaan\Fl\vue-card-game\src\assets\Font\SF-Pro-Display-BoldItalic.otf
DataFormat:sfntData
UsesStandardEncoding:yes
isCFF:yes
hasSVG:no
hasCOLR:no
VariableFontType:NonVariableFont
FileLength:159668
FileModTime:1757928235
WeightClass:700
WidthClass:5
AngleClass:1
NameArray:0,Win,1,SF Pro Display
NameArray:0,Win,16,SF Pro Display
%EndFont

%BeginFont
Handler:DirectoryHandler
FontType:Type1
FontName:SFProDisplay-Heavy
FamilyName:SF Pro Display
StyleName:Heavy
FullName:SF Pro Display Heavy
MenuName:SF Pro Display
StyleBits:0
WritingScript:Roman
OutlineFileName:C:\Perkerjaan\Fl\vue-card-game\src\assets\Font\SF-Pro-Display-Heavy.otf
DataFormat:sfntData
UsesStandardEncoding:yes
isCFF:yes
hasSVG:no
hasCOLR:no
VariableFontType:NonVariableFont
FileLength:335840
FileModTime:1757928235
WeightClass:800
WidthClass:5
AngleClass:0
NameArray:0,Win,1,SF Pro Display
NameArray:0,Win,16,SF Pro Display
%EndFont

%BeginFont
Handler:DirectoryHandler
FontType:Type1
FontName:SFProDisplay-HeavyItalic
FamilyName:SF Pro Display
StyleName:Heavy Italic
FullName:SF Pro Display Heavy Italic
MenuName:SF Pro Display
StyleBits:0
WritingScript:Roman
OutlineFileName:C:\Perkerjaan\Fl\vue-card-game\src\assets\Font\SF-Pro-Display-HeavyItalic.otf
DataFormat:sfntData
UsesStandardEncoding:yes
isCFF:yes
hasSVG:no
hasCOLR:no
VariableFontType:NonVariableFont
FileLength:159628
FileModTime:1757928235
WeightClass:800
WidthClass:5
AngleClass:1
NameArray:0,Win,1,SF Pro Display
NameArray:0,Win,16,SF Pro Display
%EndFont

%BeginFont
Handler:DirectoryHandler
FontType:Type1
FontName:SFProDisplay-Light
FamilyName:SF Pro Display
StyleName:Light
FullName:SF Pro Display Light
MenuName:SF Pro Display
StyleBits:0
WritingScript:Roman
OutlineFileName:C:\Perkerjaan\Fl\vue-card-game\src\assets\Font\SF-Pro-Display-Light.otf
DataFormat:sfntData
UsesStandardEncoding:yes
isCFF:yes
hasSVG:no
hasCOLR:no
VariableFontType:NonVariableFont
FileLength:318908
FileModTime:1757928235
WeightClass:300
WidthClass:5
AngleClass:0
NameArray:0,Win,1,SF Pro Display
NameArray:0,Win,16,SF Pro Display
%EndFont

%BeginFont
Handler:DirectoryHandler
FontType:Type1
FontName:SFProDisplay-LightItalic
FamilyName:SF Pro Display
StyleName:Light Italic
FullName:SF Pro Display Light Italic
MenuName:SF Pro Display
StyleBits:0
WritingScript:Roman
OutlineFileName:C:\Perkerjaan\Fl\vue-card-game\src\assets\Font\SF-Pro-Display-LightItalic.otf
DataFormat:sfntData
UsesStandardEncoding:yes
isCFF:yes
hasSVG:no
hasCOLR:no
VariableFontType:NonVariableFont
FileLength:158892
FileModTime:1757928235
WeightClass:300
WidthClass:5
AngleClass:1
NameArray:0,Win,1,SF Pro Display
NameArray:0,Win,16,SF Pro Display
%EndFont

%BeginFont
Handler:DirectoryHandler
FontType:Type1
FontName:SFProDisplay-Medium
FamilyName:SF Pro Display
StyleName:Medium
FullName:SF Pro Display Medium
MenuName:SF Pro Display
StyleBits:0
WritingScript:Roman
OutlineFileName:C:\Perkerjaan\Fl\vue-card-game\src\assets\Font\SF-Pro-Display-Medium.otf
DataFormat:sfntData
UsesStandardEncoding:yes
isCFF:yes
hasSVG:no
hasCOLR:no
VariableFontType:NonVariableFont
FileLength:335512
FileModTime:1757928235
WeightClass:500
WidthClass:5
AngleClass:0
NameArray:0,Win,1,SF Pro Display
NameArray:0,Win,16,SF Pro Display
%EndFont

%BeginFont
Handler:DirectoryHandler
FontType:Type1
FontName:SFProDisplay-MediumItalic
FamilyName:SF Pro Display
StyleName:Medium Italic
FullName:SF Pro Display Medium Italic
MenuName:SF Pro Display
StyleBits:0
WritingScript:Roman
OutlineFileName:C:\Perkerjaan\Fl\vue-card-game\src\assets\Font\SF-Pro-Display-MediumItalic.otf
DataFormat:sfntData
UsesStandardEncoding:yes
isCFF:yes
hasSVG:no
hasCOLR:no
VariableFontType:NonVariableFont
FileLength:160004
FileModTime:1757928235
WeightClass:500
WidthClass:5
AngleClass:1
NameArray:0,Win,1,SF Pro Display
NameArray:0,Win,16,SF Pro Display
%EndFont

%BeginFont
Handler:DirectoryHandler
FontType:Type1
FontName:SFProDisplay-Regular
FamilyName:SF Pro Display
StyleName:Regular
FullName:SF Pro Display
MenuName:SF Pro Display
StyleBits:0
WritingScript:Roman
OutlineFileName:C:\Perkerjaan\Fl\vue-card-game\src\assets\Font\SF-Pro-Display-Regular.otf
DataFormat:sfntData
UsesStandardEncoding:yes
isCFF:yes
hasSVG:no
hasCOLR:no
VariableFontType:NonVariableFont
FileLength:298944
FileModTime:1757928235
WeightClass:400
WidthClass:5
AngleClass:0
NameArray:0,Win,1,SF Pro Display
NameArray:0,Win,16,SF Pro Display
%EndFont

%BeginFont
Handler:DirectoryHandler
FontType:Type1
FontName:SFProDisplay-Italic
FamilyName:SF Pro Display
StyleName:Italic
FullName:SF Pro Display Italic
MenuName:SF Pro Display
StyleBits:0
WritingScript:Roman
OutlineFileName:C:\Perkerjaan\Fl\vue-card-game\src\assets\Font\SF-Pro-Display-RegularItalic.otf
DataFormat:sfntData
UsesStandardEncoding:yes
isCFF:yes
hasSVG:no
hasCOLR:no
VariableFontType:NonVariableFont
FileLength:148740
FileModTime:1757928235
WeightClass:400
WidthClass:5
AngleClass:1
NameArray:0,Win,1,SF Pro Display
NameArray:0,Win,16,SF Pro Display
%EndFont

%BeginFont
Handler:DirectoryHandler
FontType:Type1
FontName:SFProDisplay-Semibold
FamilyName:SF Pro Display
StyleName:Semibold
FullName:SF Pro Display Semibold
MenuName:SF Pro Display
StyleBits:0
WritingScript:Roman
OutlineFileName:C:\Perkerjaan\Fl\vue-card-game\src\assets\Font\SF-Pro-Display-Semibold.otf
DataFormat:sfntData
UsesStandardEncoding:yes
isCFF:yes
hasSVG:no
hasCOLR:no
VariableFontType:NonVariableFont
FileLength:335964
FileModTime:1757928235
WeightClass:600
WidthClass:5
AngleClass:0
NameArray:0,Win,1,SF Pro Display
NameArray:0,Win,16,SF Pro Display
%EndFont

%BeginFont
Handler:DirectoryHandler
FontType:Type1
FontName:SFProDisplay-SemiboldItalic
FamilyName:SF Pro Display
StyleName:Semibold Italic
FullName:SF Pro Display Semibold Italic
MenuName:SF Pro Display
StyleBits:0
WritingScript:Roman
OutlineFileName:C:\Perkerjaan\Fl\vue-card-game\src\assets\Font\SF-Pro-Display-SemiboldItalic.otf
DataFormat:sfntData
UsesStandardEncoding:yes
isCFF:yes
hasSVG:no
hasCOLR:no
VariableFontType:NonVariableFont
FileLength:159876
FileModTime:1757928235
WeightClass:600
WidthClass:5
AngleClass:1
NameArray:0,Win,1,SF Pro Display
NameArray:0,Win,16,SF Pro Display
%EndFont

%BeginFont
Handler:DirectoryHandler
FontType:Type1
FontName:SFProDisplay-Thin
FamilyName:SF Pro Display
StyleName:Thin
FullName:SF Pro Display Thin
MenuName:SF Pro Display
StyleBits:0
WritingScript:Roman
OutlineFileName:C:\Perkerjaan\Fl\vue-card-game\src\assets\Font\SF-Pro-Display-Thin.otf
DataFormat:sfntData
UsesStandardEncoding:yes
isCFF:yes
hasSVG:no
hasCOLR:no
VariableFontType:NonVariableFont
FileLength:317736
FileModTime:1757928235
WeightClass:200
WidthClass:5
AngleClass:0
NameArray:0,Win,1,SF Pro Display
NameArray:0,Win,16,SF Pro Display
%EndFont

%BeginFont
Handler:DirectoryHandler
FontType:Type1
FontName:SFProDisplay-ThinItalic
FamilyName:SF Pro Display
StyleName:Thin Italic
FullName:SF Pro Display Thin Italic
MenuName:SF Pro Display
StyleBits:0
WritingScript:Roman
OutlineFileName:C:\Perkerjaan\Fl\vue-card-game\src\assets\Font\SF-Pro-Display-ThinItalic.otf
DataFormat:sfntData
UsesStandardEncoding:yes
isCFF:yes
hasSVG:no
hasCOLR:no
VariableFontType:NonVariableFont
FileLength:157916
FileModTime:1757928235
WeightClass:200
WidthClass:5
AngleClass:1
NameArray:0,Win,1,SF Pro Display
NameArray:0,Win,16,SF Pro Display
%EndFont

%BeginFont
Handler:DirectoryHandler
FontType:Type1
FontName:SFProDisplay-Ultralight
FamilyName:SF Pro Display
StyleName:Ultralight
FullName:SF Pro Display Ultralight
MenuName:SF Pro Display
StyleBits:0
WritingScript:Roman
OutlineFileName:C:\Perkerjaan\Fl\vue-card-game\src\assets\Font\SF-Pro-Display-Ultralight.otf
DataFormat:sfntData
UsesStandardEncoding:yes
isCFF:yes
hasSVG:no
hasCOLR:no
VariableFontType:NonVariableFont
FileLength:316624
FileModTime:1757928235
WeightClass:100
WidthClass:5
AngleClass:0
NameArray:0,Win,1,SF Pro Display
NameArray:0,Win,16,SF Pro Display
%EndFont

%BeginFont
Handler:DirectoryHandler
FontType:Type1
FontName:SFProDisplay-UltralightItalic
FamilyName:SF Pro Display
StyleName:Ultralight Italic
FullName:SF Pro Display Ultralight Italic
MenuName:SF Pro Display
StyleBits:0
WritingScript:Roman
OutlineFileName:C:\Perkerjaan\Fl\vue-card-game\src\assets\Font\SF-Pro-Display-UltralightItalic.otf
DataFormat:sfntData
UsesStandardEncoding:yes
isCFF:yes
hasSVG:no
hasCOLR:no
VariableFontType:NonVariableFont
FileLength:156760
FileModTime:1757928235
WeightClass:100
WidthClass:5
AngleClass:1
NameArray:0,Win,1,SF Pro Display
NameArray:0,Win,16,SF Pro Display
%EndFont

%BeginFont
Handler:DirectoryHandler
FontType:Type1
FontName:SFProText-Bold
FamilyName:SF Pro Text
StyleName:Bold
FullName:SF Pro Text Bold
MenuName:SF Pro Text
StyleBits:0
WritingScript:Roman
OutlineFileName:C:\Perkerjaan\Fl\vue-card-game\src\assets\Font\SF-Pro-Text-Bold.otf
DataFormat:sfntData
UsesStandardEncoding:yes
isCFF:yes
hasSVG:no
hasCOLR:no
VariableFontType:NonVariableFont
FileLength:341844
FileModTime:1757928235
WeightClass:700
WidthClass:5
AngleClass:0
NameArray:0,Win,1,SF Pro Text
NameArray:0,Win,16,SF Pro Text
%EndFont

%BeginFont
Handler:DirectoryHandler
FontType:Type1
FontName:SFProText-BoldItalic
FamilyName:SF Pro Text
StyleName:Bold Italic
FullName:SF Pro Text Bold Italic
MenuName:SF Pro Text
StyleBits:0
WritingScript:Roman
OutlineFileName:C:\Perkerjaan\Fl\vue-card-game\src\assets\Font\SF-Pro-Text-BoldItalic.otf
DataFormat:sfntData
UsesStandardEncoding:yes
isCFF:yes
hasSVG:no
hasCOLR:no
VariableFontType:NonVariableFont
FileLength:178788
FileModTime:1757928235
WeightClass:700
WidthClass:5
AngleClass:1
NameArray:0,Win,1,SF Pro Text
NameArray:0,Win,16,SF Pro Text
%EndFont

%BeginFont
Handler:DirectoryHandler
FontType:Type1
FontName:SFProText-Heavy
FamilyName:SF Pro Text
StyleName:Heavy
FullName:SF Pro Text Heavy
MenuName:SF Pro Text
StyleBits:0
WritingScript:Roman
OutlineFileName:C:\Perkerjaan\Fl\vue-card-game\src\assets\Font\SF-Pro-Text-Heavy.otf
DataFormat:sfntData
UsesStandardEncoding:yes
isCFF:yes
hasSVG:no
hasCOLR:no
VariableFontType:NonVariableFont
FileLength:341828
FileModTime:1757928235
WeightClass:800
WidthClass:5
AngleClass:0
NameArray:0,Win,1,SF Pro Text
NameArray:0,Win,16,SF Pro Text
%EndFont

%BeginFont
Handler:DirectoryHandler
FontType:Type1
FontName:SFProText-HeavyItalic
FamilyName:SF Pro Text
StyleName:Heavy Italic
FullName:SF Pro Text Heavy Italic
MenuName:SF Pro Text
StyleBits:0
WritingScript:Roman
OutlineFileName:C:\Perkerjaan\Fl\vue-card-game\src\assets\Font\SF-Pro-Text-HeavyItalic.otf
DataFormat:sfntData
UsesStandardEncoding:yes
isCFF:yes
hasSVG:no
hasCOLR:no
VariableFontType:NonVariableFont
FileLength:178644
FileModTime:1757928235
WeightClass:800
WidthClass:5
AngleClass:1
NameArray:0,Win,1,SF Pro Text
NameArray:0,Win,16,SF Pro Text
%EndFont

%BeginFont
Handler:DirectoryHandler
FontType:Type1
FontName:SFProText-Light
FamilyName:SF Pro Text
StyleName:Light
FullName:SF Pro Text Light
MenuName:SF Pro Text
StyleBits:0
WritingScript:Roman
OutlineFileName:C:\Perkerjaan\Fl\vue-card-game\src\assets\Font\SF-Pro-Text-Light.otf
DataFormat:sfntData
UsesStandardEncoding:yes
isCFF:yes
hasSVG:no
hasCOLR:no
VariableFontType:NonVariableFont
FileLength:329540
FileModTime:1757928235
WeightClass:300
WidthClass:5
AngleClass:0
NameArray:0,Win,1,SF Pro Text
NameArray:0,Win,16,SF Pro Text
%EndFont

%BeginFont
Handler:DirectoryHandler
FontType:Type1
FontName:SFProText-LightItalic
FamilyName:SF Pro Text
StyleName:Light Italic
FullName:SF Pro Text Light Italic
MenuName:SF Pro Text
StyleBits:0
WritingScript:Roman
OutlineFileName:C:\Perkerjaan\Fl\vue-card-game\src\assets\Font\SF-Pro-Text-LightItalic.otf
DataFormat:sfntData
UsesStandardEncoding:yes
isCFF:yes
hasSVG:no
hasCOLR:no
VariableFontType:NonVariableFont
FileLength:178060
FileModTime:1757928235
WeightClass:300
WidthClass:5
AngleClass:1
NameArray:0,Win,1,SF Pro Text
NameArray:0,Win,16,SF Pro Text
%EndFont

%BeginFont
Handler:DirectoryHandler
FontType:Type1
FontName:SFProText-Medium
FamilyName:SF Pro Text
StyleName:Medium
FullName:SF Pro Text Medium
MenuName:SF Pro Text
StyleBits:0
WritingScript:Roman
OutlineFileName:C:\Perkerjaan\Fl\vue-card-game\src\assets\Font\SF-Pro-Text-Medium.otf
DataFormat:sfntData
UsesStandardEncoding:yes
isCFF:yes
hasSVG:no
hasCOLR:no
VariableFontType:NonVariableFont
FileLength:342732
FileModTime:1757928235
WeightClass:500
WidthClass:5
AngleClass:0
NameArray:0,Win,1,SF Pro Text
NameArray:0,Win,16,SF Pro Text
%EndFont

%BeginFont
Handler:DirectoryHandler
FontType:Type1
FontName:SFProText-MediumItalic
FamilyName:SF Pro Text
StyleName:Medium Italic
FullName:SF Pro Text Medium Italic
MenuName:SF Pro Text
StyleBits:0
WritingScript:Roman
OutlineFileName:C:\Perkerjaan\Fl\vue-card-game\src\assets\Font\SF-Pro-Text-MediumItalic.otf
DataFormat:sfntData
UsesStandardEncoding:yes
isCFF:yes
hasSVG:no
hasCOLR:no
VariableFontType:NonVariableFont
FileLength:180124
FileModTime:1757928235
WeightClass:500
WidthClass:5
AngleClass:1
NameArray:0,Win,1,SF Pro Text
NameArray:0,Win,16,SF Pro Text
%EndFont

%BeginFont
Handler:DirectoryHandler
FontType:Type1
FontName:SFProText-Regular
FamilyName:SF Pro Text
StyleName:Regular
FullName:SF Pro Text
MenuName:SF Pro Text
StyleBits:0
WritingScript:Roman
OutlineFileName:C:\Perkerjaan\Fl\vue-card-game\src\assets\Font\SF-Pro-Text-Regular.otf
DataFormat:sfntData
UsesStandardEncoding:yes
isCFF:yes
hasSVG:no
hasCOLR:no
VariableFontType:NonVariableFont
FileLength:310148
FileModTime:1757928235
WeightClass:400
WidthClass:5
AngleClass:0
NameArray:0,Win,1,SF Pro Text
NameArray:0,Win,16,SF Pro Text
%EndFont

%BeginFont
Handler:DirectoryHandler
FontType:Type1
FontName:SFProText-Italic
FamilyName:SF Pro Text
StyleName:Italic
FullName:SF Pro Text Italic
MenuName:SF Pro Text
StyleBits:0
WritingScript:Roman
OutlineFileName:C:\Perkerjaan\Fl\vue-card-game\src\assets\Font\SF-Pro-Text-RegularItalic.otf
DataFormat:sfntData
UsesStandardEncoding:yes
isCFF:yes
hasSVG:no
hasCOLR:no
VariableFontType:NonVariableFont
FileLength:168992
FileModTime:1757928235
WeightClass:400
WidthClass:5
AngleClass:1
NameArray:0,Win,1,SF Pro Text
NameArray:0,Win,16,SF Pro Text
%EndFont

%BeginFont
Handler:DirectoryHandler
FontType:Type1
FontName:SFProText-Semibold
FamilyName:SF Pro Text
StyleName:Semibold
FullName:SF Pro Text Semibold
MenuName:SF Pro Text
StyleBits:0
WritingScript:Roman
OutlineFileName:C:\Perkerjaan\Fl\vue-card-game\src\assets\Font\SF-Pro-Text-Semibold.otf
DataFormat:sfntData
UsesStandardEncoding:yes
isCFF:yes
hasSVG:no
hasCOLR:no
VariableFontType:NonVariableFont
FileLength:342656
FileModTime:1757928235
WeightClass:600
WidthClass:5
AngleClass:0
NameArray:0,Win,1,SF Pro Text
NameArray:0,Win,16,SF Pro Text
%EndFont

%BeginFont
Handler:DirectoryHandler
FontType:Type1
FontName:SFProText-SemiboldItalic
FamilyName:SF Pro Text
StyleName:Semibold Italic
FullName:SF Pro Text Semibold Italic
MenuName:SF Pro Text
StyleBits:0
WritingScript:Roman
OutlineFileName:C:\Perkerjaan\Fl\vue-card-game\src\assets\Font\SF-Pro-Text-SemiboldItalic.otf
DataFormat:sfntData
UsesStandardEncoding:yes
isCFF:yes
hasSVG:no
hasCOLR:no
VariableFontType:NonVariableFont
FileLength:179760
FileModTime:1757928235
WeightClass:600
WidthClass:5
AngleClass:1
NameArray:0,Win,1,SF Pro Text
NameArray:0,Win,16,SF Pro Text
%EndFont

%BeginFont
Handler:DirectoryHandler
FontType:Type1
FontName:SFUIText-Regular
FamilyName:SF UI  Text
StyleName:Regular
FullName:SF UI  Text Regular
MenuName:SF UI  Text
StyleBits:0
WritingScript:Roman
OutlineFileName:C:\Perkerjaan\Fl\vue-card-game\src\assets\Font\SFUIText-Regular.otf
DataFormat:sfntData
UsesStandardEncoding:yes
isCFF:yes
hasSVG:no
hasCOLR:no
VariableFontType:NonVariableFont
FileLength:141316
FileModTime:1757928235
WeightClass:400
WidthClass:5
AngleClass:0
NameArray:0,Mac,4,SF UI  Text Regular
NameArray:0,Win,1,SF UI  Text
%EndFont

